5.4575 1.147499999999999 5.656854249492381
0.4999999999999999
0.75
len stops at grid & traversable 1390
No of coverage sets 1390
number of groups: 4
No of points inside the group with max coverage(seen wall percent) 546
TARGET_DIAGNOSTIC {"target": 0.9, "stops": 35, "covered": 6375, "attainable": 7064, "official_coverage": 0.396800697124362}
TARGET_DIAGNOSTIC {"target": 0.95, "stops": 55, "covered": 6718, "attainable": 7064, "official_coverage": 0.41815013071081786}
TARGET_DIAGNOSTIC {"target": 0.995, "stops": 137, "covered": 7029, "attainable": 7064, "official_coverage": 0.43750778040582594}
len stops  55
VALIDATION: deterministic selection; all stops valid; all tour segments connected
Map:              maps/1/room.yaml
Planning time:    33.15s
Wall coverage:      41.8%  (6718/16066 observable wall cells at required quality)
Stops used:         55
Tour length:        54.9 m (through free space, not a straight line)
Note:               6325 wall cells excluded from coverage denominator (buried inside wall thickness, unreachable by any ray)
Report JSON:      /tmp/viewpoint-attainable-coverage/map1/20260907_044818/coverage_report.json
Visualization:    /tmp/viewpoint-attainable-coverage/map1/20260907_044818/coverage_report.png
